1 - Title: {G1 - O portal de notícias da Globo}, URL: {https://g1.globo.com/}
2 - Title: {G1 Agro - É pop. E tem notícias sobre terra, colheita e agronegócio}, URL: {http://g1.globo.com/economia/agronegocios/}
3 - Title: {Globo Rural}, URL: {https://g1.globo.com/economia/agronegocios/globo-rural/}
4 - Title: {Agro - É pop. E tem notícias sobre terra e agronegócio - G1 Economia}, URL: {https://g1.globo.com/economia/agronegocios/agro-a-industria-riqueza-do-brasil/}
5 - Title: {Bem Estar – Notícias, fotos e vídeos sobre saúde e bem-estar}, URL: {https://g1.globo.com/bemestar/}
6 - Title: {Coronavírus – Bem Estar}, URL: {https://g1.globo.com/bemestar/coronavirus/}
7 - Title: {Viva Você – G1 Bem Estar}, URL: {https://g1.globo.com/bemestar/viva-voce/}
8 - Title: {G1 Ciência e Saúde - Medicina, espaço e os últimos estudos e descobertas}, URL: {http://g1.globo.com/ciencia-e-saude/}
9 - Title: {Viva Você – G1 Bem Estar}, URL: {https://g1.globo.com/ciencia-e-saude/viva-voce/}
10 - Title: {Concursos e Emprego - Vagas, estágios, trainee e a sua carreira - G1 Economia}, URL: {http://g1.globo.com/economia/concursos-e-emprego/}
11 - Title: {G1 Economia – Educação financeira, a cotação do dólar e as notícias do mercado}, URL: {http://g1.globo.com/economia/}
Mean time: 0.298313 seconds per page
