1 - Title: {UOL - O melhor conteúdo}, URL: {https://www.uol.com.br/}
2 - Title: {Podcasts UOL: Futebol, Política, TV, Entrevistas e mais}, URL: {https://www.uol.com.br/podcasts/}
3 - Title: {Maratona | Podcast | UOL VivaBem}, URL: {https://www.uol.com.br/vivabem/podcast/maratona/}
4 - Title: {Posse de Bola | Podcast | UOL Esporte - UOL Esporte}, URL: {https://www.uol.com.br/esporte/podcast/posse-de-bola/}
5 - Title: {Sexoterapia | Podcast | Universa}, URL: {https://www.uol.com.br/universa/podcast/sexoterapia/}
6 - Title: {UOL Vê TV - UOL Splash}, URL: {https://www.uol.com.br/splash/podcast/uol-ve-tv/}
7 - Title: {MOV.DOC - UOL Play}, URL: {https://www.uol.com.br/mov/mov-doc/}
8 - Title: {UOL Carros: notícias, lançamentos e avaliações sobre carros}, URL: {https://www.uol.com.br/carros/}
9 - Title: {Avaliação - UOL Carros}, URL: {https://www.uol.com.br/carros/avaliacao/}
10 - Title: {Mobilidade - UOL Carros}, URL: {https://www.uol.com.br/carros/mobilidade/}
11 - Title: {Motos | Últimos lançamentos | UOL Carros - UOL Carros}, URL: {https://www.uol.com.br/carros/motos/}
Mean time: 0.108445 seconds per page
